Script started on 2018-09-12 20:21:15-0500
]0;noah@Kubutnu-Desktop: ~/cs161/root[01;32mnoah@Kubutnu-Desktop[00m:[01;34m~/cs161/root[00m$ cs[K[Kcs171[K[K51[K[K61-gdb kernel
[?1034hGNU gdb 6.6
Copyright (C) 2006 Free Software Foundation, Inc.
GDB is free software, covered by the GNU General Public License, and you are
welcome to change it and/or distribute copies of it under certain conditions.
Type "show copying" to see the conditions.
There is absolutely no warranty for GDB.  Type "show warranty" for details.
This GDB was configured as "--host=x86_64-unknown-linux-gnu --target=mips-elf"...
(gdb) taer[K[Krget remote unix:.sc[Kockets/gdb
Remote debugging using unix:.sockets/gdb
__start () at ../../arch/mips/mips/start.S:24
24	../../arch/mips/mips/start.S: No such file or directory.
	in ../../arch/mips/mips/start.S
Current language:  auto; currently asm
(gdb) break meny[Ku
Breakpoint 1 at 0x8001ba6c
(gdb) c
Continuing.

Breakpoint 1, 0xffffffff8001ba6c in menu ()
(gdb) where
#0  0xffffffff8001ba6c in menu ()
#1  0xffffffff8001a99c in kmain ()
#2  0xffffffff8000d274 in __start () at ../../arch/mips/mips/start.S:163
(gdb) detach 
Ending remote debugging.
(gdb) quit
]0;noah@Kubutnu-Desktop: ~/cs161/root[01;32mnoah@Kubutnu-Desktop[00m:[01;34m~/cs161/root[00m$ exit
exit

Script done on 2018-09-12 20:22:32-0500
